Run directory: /home/ryan/aerial-dgx-spark/experiments/srk/sionna-rk/cu-du-abl/monitor/runs/20260218_193305_ues6
SRK root:      /home/ryan/aerial-dgx-spark/experiments/srk/sionna-rk
UE label:      6
Start epoch:   1771461186597 (epoch ms)
Interval:      0.5 s
docker --since 0s
ZMQ:           127.0.0.1:5555
Duration:      60 s

Started: 01_gpu_util (pid=1529515)
Started: 02_gpu_power (pid=1529516)
Started: 03_cu_cpu (pid=1529517)
Started: 04_du_cpu (pid=1529520)
Started: 05_cu_logs (pid=1529521)
Started: 06_du_logs (pid=1529523)
Started: 07_zmq_client (pid=1529525)

All monitors started. PID list: /home/ryan/aerial-dgx-spark/experiments/srk/sionna-rk/cu-du-abl/monitor/runs/20260218_193305_ues6/pids.tsv
Manifest: /home/ryan/aerial-dgx-spark/experiments/srk/sionna-rk/cu-du-abl/monitor/runs/20260218_193305_ues6/run_manifest.json


Stopping monitors...
  Killing 01_gpu_util (pid=1529515)
  Killing 02_gpu_power (pid=1529516)
  Killing 03_cu_cpu (pid=1529517)
  Killing 04_du_cpu (pid=1529520)
  Killing 05_cu_logs (pid=1529521)
  Killing 06_du_logs (pid=1529523)
  Killing 07_zmq_client (pid=1529525)
Done. Outputs in: /home/ryan/aerial-dgx-spark/experiments/srk/sionna-rk/cu-du-abl/monitor/runs/20260218_193305_ues6
