Run directory: /home/ryan/aerial-dgx-spark/experiments/srk/sionna-rk/cu-du-abl/monitor/runs/20260225_185307_ues3
SRK root:      /home/ryan/aerial-dgx-spark/experiments/srk/sionna-rk
UE label:      3
Start epoch:   1772063587937 (epoch ms)
Interval:      0.5 s
docker --since 0s
ZMQ:           127.0.0.1:5555
Duration:      60 s

Started: 01_gpu_util (pid=538848)
Started: 02_gpu_power (pid=538849)
Started: 03_cu_cpu (pid=538851)
Started: 04_du_cpu (pid=538853)
Started: 05_cu_logs (pid=538855)
Started: 06_du_logs (pid=538857)
Started: 07_zmq_client (pid=538858)
Started: 08_system_cpu (pid=538861)

All monitors started. PID list: /home/ryan/aerial-dgx-spark/experiments/srk/sionna-rk/cu-du-abl/monitor/runs/20260225_185307_ues3/pids.tsv
Manifest: /home/ryan/aerial-dgx-spark/experiments/srk/sionna-rk/cu-du-abl/monitor/runs/20260225_185307_ues3/run_manifest.json


Stopping monitors...
  Killing 01_gpu_util (pid=538848)
  Killing 02_gpu_power (pid=538849)
  Killing 03_cu_cpu (pid=538851)
  Killing 04_du_cpu (pid=538853)
  Killing 05_cu_logs (pid=538855)
  Killing 06_du_logs (pid=538857)
  Killing 07_zmq_client (pid=538858)
  Killing 08_system_cpu (pid=538861)
Done. Outputs in: /home/ryan/aerial-dgx-spark/experiments/srk/sionna-rk/cu-du-abl/monitor/runs/20260225_185307_ues3
