Run directory: /home/ryan/aerial-dgx-spark/experiments/srk/oai-cpu/cu-du-abl/monitor/runs/20260219_173535_ues6
SRK root:      /home/ryan/aerial-dgx-spark/experiments/srk/oai-cpu
UE label:      6
Start epoch:   1771540536171 (epoch ms)
Interval:      0.5 s
docker --since 0s
ZMQ:           127.0.0.1:5555
Duration:      60 s

WARN: nvidia-smi not found; skipping GPU monitors (01/02).
Started: 03_cu_cpu (pid=280473)
Started: 04_du_cpu (pid=280474)
Started: 05_cu_logs (pid=280476)
Started: 06_du_logs (pid=280477)
Started: 07_zmq_client (pid=280478)

All monitors started. PID list: /home/ryan/aerial-dgx-spark/experiments/srk/oai-cpu/cu-du-abl/monitor/runs/20260219_173535_ues6/pids.tsv
Manifest: /home/ryan/aerial-dgx-spark/experiments/srk/oai-cpu/cu-du-abl/monitor/runs/20260219_173535_ues6/run_manifest.json


Stopping monitors...
  Killing 03_cu_cpu (pid=280473)
  Killing 04_du_cpu (pid=280474)
  Killing 05_cu_logs (pid=280476)
  Killing 06_du_logs (pid=280477)
  Killing 07_zmq_client (pid=280478)
Done. Outputs in: /home/ryan/aerial-dgx-spark/experiments/srk/oai-cpu/cu-du-abl/monitor/runs/20260219_173535_ues6
