Run directory: /home/ryan/aerial-dgx-spark/experiments/srk/sionna-rk/cu-du-abl/monitor/runs/20260218_193808_ues12
SRK root:      /home/ryan/aerial-dgx-spark/experiments/srk/sionna-rk
UE label:      12
Start epoch:   1771461489928 (epoch ms)
Interval:      0.5 s
docker --since 0s
ZMQ:           127.0.0.1:5555
Duration:      60 s

Started: 01_gpu_util (pid=1547839)
Started: 02_gpu_power (pid=1547840)
Started: 03_cu_cpu (pid=1547841)
Started: 04_du_cpu (pid=1547843)
Started: 05_cu_logs (pid=1547846)
Started: 06_du_logs (pid=1547848)
Started: 07_zmq_client (pid=1547849)

All monitors started. PID list: /home/ryan/aerial-dgx-spark/experiments/srk/sionna-rk/cu-du-abl/monitor/runs/20260218_193808_ues12/pids.tsv
Manifest: /home/ryan/aerial-dgx-spark/experiments/srk/sionna-rk/cu-du-abl/monitor/runs/20260218_193808_ues12/run_manifest.json


Stopping monitors...
  Killing 01_gpu_util (pid=1547839)
  Killing 02_gpu_power (pid=1547840)
  Killing 03_cu_cpu (pid=1547841)
  Killing 04_du_cpu (pid=1547843)
  Killing 05_cu_logs (pid=1547846)
  Killing 06_du_logs (pid=1547848)
  Killing 07_zmq_client (pid=1547849)
Done. Outputs in: /home/ryan/aerial-dgx-spark/experiments/srk/sionna-rk/cu-du-abl/monitor/runs/20260218_193808_ues12
