Run directory: /home/ryan/aerial-dgx-spark/experiments/srk/sionna-rk/cu-du-abl/monitor/runs/20260218_192836_ues3
SRK root:      /home/ryan/aerial-dgx-spark/experiments/srk/sionna-rk
UE label:      3
Start epoch:   1771460917419 (epoch ms)
Interval:      0.5 s
docker --since 0s
ZMQ:           127.0.0.1:5555
Duration:      60 s

Started: 01_gpu_util (pid=1516316)
Started: 02_gpu_power (pid=1516317)
Started: 03_cu_cpu (pid=1516319)
Started: 04_du_cpu (pid=1516320)
Started: 05_cu_logs (pid=1516323)
Started: 06_du_logs (pid=1516324)
Started: 07_zmq_client (pid=1516325)

All monitors started. PID list: /home/ryan/aerial-dgx-spark/experiments/srk/sionna-rk/cu-du-abl/monitor/runs/20260218_192836_ues3/pids.tsv
Manifest: /home/ryan/aerial-dgx-spark/experiments/srk/sionna-rk/cu-du-abl/monitor/runs/20260218_192836_ues3/run_manifest.json


Stopping monitors...
  Killing 01_gpu_util (pid=1516316)
  Killing 02_gpu_power (pid=1516317)
  Killing 03_cu_cpu (pid=1516319)
  Killing 04_du_cpu (pid=1516320)
  Killing 05_cu_logs (pid=1516323)
  Killing 06_du_logs (pid=1516324)
  Killing 07_zmq_client (pid=1516325)
Done. Outputs in: /home/ryan/aerial-dgx-spark/experiments/srk/sionna-rk/cu-du-abl/monitor/runs/20260218_192836_ues3
