Run directory: /home/ryan/aerial-dgx-spark/experiments/srk/oai-cpu/cu-du-abl/monitor/runs/20260219_172959_ues3
SRK root:      /home/ryan/aerial-dgx-spark/experiments/srk/oai-cpu
UE label:      3
Start epoch:   1771540200385 (epoch ms)
Interval:      0.5 s
docker --since 0s
ZMQ:           127.0.0.1:5555
Duration:      60 s

WARN: nvidia-smi not found; skipping GPU monitors (01/02).
Started: 03_cu_cpu (pid=264910)
Started: 04_du_cpu (pid=264912)
Started: 05_cu_logs (pid=264913)
Started: 06_du_logs (pid=264915)
Started: 07_zmq_client (pid=264917)

All monitors started. PID list: /home/ryan/aerial-dgx-spark/experiments/srk/oai-cpu/cu-du-abl/monitor/runs/20260219_172959_ues3/pids.tsv
Manifest: /home/ryan/aerial-dgx-spark/experiments/srk/oai-cpu/cu-du-abl/monitor/runs/20260219_172959_ues3/run_manifest.json


Stopping monitors...
  Killing 03_cu_cpu (pid=264910)
  Killing 04_du_cpu (pid=264912)
  Killing 05_cu_logs (pid=264913)
  Killing 06_du_logs (pid=264915)
  Killing 07_zmq_client (pid=264917)
Done. Outputs in: /home/ryan/aerial-dgx-spark/experiments/srk/oai-cpu/cu-du-abl/monitor/runs/20260219_172959_ues3
