Run directory: /home/ryan/aerial-dgx-spark/experiments/srk/sionna-rk/cu-du-abl/monitor/runs/20260218_192448_ues1
SRK root:      /home/ryan/aerial-dgx-spark/experiments/srk/sionna-rk
UE label:      1
Start epoch:   1771460688583 (epoch ms)
Interval:      0.5 s
docker --since 0s
ZMQ:           127.0.0.1:5555
Duration:      60 s

Started: 01_gpu_util (pid=1507018)
Started: 02_gpu_power (pid=1507019)
Started: 03_cu_cpu (pid=1507020)
Started: 04_du_cpu (pid=1507022)
Started: 05_cu_logs (pid=1507023)
Started: 06_du_logs (pid=1507025)
Started: 07_zmq_client (pid=1507028)

All monitors started. PID list: /home/ryan/aerial-dgx-spark/experiments/srk/sionna-rk/cu-du-abl/monitor/runs/20260218_192448_ues1/pids.tsv
Manifest: /home/ryan/aerial-dgx-spark/experiments/srk/sionna-rk/cu-du-abl/monitor/runs/20260218_192448_ues1/run_manifest.json


Stopping monitors...
  Killing 01_gpu_util (pid=1507018)
  Killing 02_gpu_power (pid=1507019)
  Killing 03_cu_cpu (pid=1507020)
  Killing 04_du_cpu (pid=1507022)
  Killing 05_cu_logs (pid=1507023)
  Killing 06_du_logs (pid=1507025)
  Killing 07_zmq_client (pid=1507028)
Done. Outputs in: /home/ryan/aerial-dgx-spark/experiments/srk/sionna-rk/cu-du-abl/monitor/runs/20260218_192448_ues1
