Run directory: /home/ryan/aerial-dgx-spark/experiments/srk/sionna-rk/cu-du-abl/monitor/runs/20260218_191943_ues0
SRK root:      /home/ryan/aerial-dgx-spark/experiments/srk/sionna-rk
UE label:      0
Start epoch:   1771460383329 (epoch ms)
Interval:      0.5 s
docker --since 0s
ZMQ:           127.0.0.1:5555
Duration:      60 s

Started: 01_gpu_util (pid=1494620)
Started: 02_gpu_power (pid=1494621)
Started: 03_cu_cpu (pid=1494623)
Started: 04_du_cpu (pid=1494625)
Started: 05_cu_logs (pid=1494626)
Started: 06_du_logs (pid=1494631)
Started: 07_zmq_client (pid=1494632)

All monitors started. PID list: /home/ryan/aerial-dgx-spark/experiments/srk/sionna-rk/cu-du-abl/monitor/runs/20260218_191943_ues0/pids.tsv
Manifest: /home/ryan/aerial-dgx-spark/experiments/srk/sionna-rk/cu-du-abl/monitor/runs/20260218_191943_ues0/run_manifest.json


Stopping monitors...
  Killing 01_gpu_util (pid=1494620)
  Killing 02_gpu_power (pid=1494621)
  Killing 03_cu_cpu (pid=1494623)
  Killing 04_du_cpu (pid=1494625)
  Killing 05_cu_logs (pid=1494626)
  Killing 06_du_logs (pid=1494631)
  Killing 07_zmq_client (pid=1494632)
Done. Outputs in: /home/ryan/aerial-dgx-spark/experiments/srk/sionna-rk/cu-du-abl/monitor/runs/20260218_191943_ues0
