Run directory: /home/ryan/aerial-dgx-spark/experiments/srk/oai-cpu/cu-du-abl/monitor/runs/20260225_181048_ues0
SRK root:      /home/ryan/aerial-dgx-spark/experiments/srk/oai-cpu
UE label:      0
Start epoch:   1772061048171 (epoch ms)
Interval:      0.5 s
docker --since 0s
ZMQ:           127.0.0.1:5555
Duration:      60 s

WARN: nvidia-smi not found; skipping GPU monitors (01/02).
Started: 03_cu_cpu (pid=405871)
Started: 04_du_cpu (pid=405872)
Started: 05_cu_logs (pid=405874)
Started: 06_du_logs (pid=405875)
Started: 07_zmq_client (pid=405877)
Started: 08_system_cpu (pid=405879)

All monitors started. PID list: /home/ryan/aerial-dgx-spark/experiments/srk/oai-cpu/cu-du-abl/monitor/runs/20260225_181048_ues0/pids.tsv
Manifest: /home/ryan/aerial-dgx-spark/experiments/srk/oai-cpu/cu-du-abl/monitor/runs/20260225_181048_ues0/run_manifest.json


Stopping monitors...
  Killing 03_cu_cpu (pid=405871)
  Killing 04_du_cpu (pid=405872)
  Killing 05_cu_logs (pid=405874)
  Killing 06_du_logs (pid=405875)
  Killing 07_zmq_client (pid=405877)
  Killing 08_system_cpu (pid=405879)
Done. Outputs in: /home/ryan/aerial-dgx-spark/experiments/srk/oai-cpu/cu-du-abl/monitor/runs/20260225_181048_ues0
