Run directory: /home/ryan/aerial-dgx-spark/experiments/srk/oai-cpu/cu-du-abl/monitor/runs/20260219_174039_ues12
SRK root:      /home/ryan/aerial-dgx-spark/experiments/srk/oai-cpu
UE label:      12
Start epoch:   1771540841133 (epoch ms)
Interval:      0.5 s
docker --since 0s
ZMQ:           127.0.0.1:5555
Duration:      60 s

WARN: nvidia-smi not found; skipping GPU monitors (01/02).
Started: 03_cu_cpu (pid=297743)
Started: 04_du_cpu (pid=297744)
Started: 05_cu_logs (pid=297746)
Started: 06_du_logs (pid=297748)
Started: 07_zmq_client (pid=297749)

All monitors started. PID list: /home/ryan/aerial-dgx-spark/experiments/srk/oai-cpu/cu-du-abl/monitor/runs/20260219_174039_ues12/pids.tsv
Manifest: /home/ryan/aerial-dgx-spark/experiments/srk/oai-cpu/cu-du-abl/monitor/runs/20260219_174039_ues12/run_manifest.json


Stopping monitors...
  Killing 03_cu_cpu (pid=297743)
  Killing 04_du_cpu (pid=297744)
  Killing 05_cu_logs (pid=297746)
  Killing 06_du_logs (pid=297748)
  Killing 07_zmq_client (pid=297749)
Done. Outputs in: /home/ryan/aerial-dgx-spark/experiments/srk/oai-cpu/cu-du-abl/monitor/runs/20260219_174039_ues12
