Run directory: /home/ryan/aerial-dgx-spark/experiments/srk/oai-cpu/cu-du-abl/monitor/runs/20260219_172332_ues0
SRK root:      /home/ryan/aerial-dgx-spark/experiments/srk/oai-cpu
UE label:      0
Start epoch:   1771539812470 (epoch ms)
Interval:      0.5 s
docker --since 0s
ZMQ:           127.0.0.1:5555
Duration:      60 s

WARN: nvidia-smi not found; skipping GPU monitors (01/02).
Started: 03_cu_cpu (pid=249038)
Started: 04_du_cpu (pid=249040)
Started: 05_cu_logs (pid=249041)
Started: 06_du_logs (pid=249042)
Started: 07_zmq_client (pid=249044)

All monitors started. PID list: /home/ryan/aerial-dgx-spark/experiments/srk/oai-cpu/cu-du-abl/monitor/runs/20260219_172332_ues0/pids.tsv
Manifest: /home/ryan/aerial-dgx-spark/experiments/srk/oai-cpu/cu-du-abl/monitor/runs/20260219_172332_ues0/run_manifest.json


Stopping monitors...
  Killing 03_cu_cpu (pid=249038)
  Killing 04_du_cpu (pid=249040)
  Killing 05_cu_logs (pid=249041)
  Killing 06_du_logs (pid=249042)
  Killing 07_zmq_client (pid=249044)
Done. Outputs in: /home/ryan/aerial-dgx-spark/experiments/srk/oai-cpu/cu-du-abl/monitor/runs/20260219_172332_ues0
